
> sysm_native@1.0.0 build /workspaces/codespaces-blank/sysm
> expo export --platform web

React Compiler enabled
Starting Metro Bundler
Static rendering is enabled. Learn more: https://docs.expo.dev/router/reference/static-rendering/
Web node_modules/expo-router/entry.js ░░░░░░░░░░░░░░░░  0.0% (0/1)
λ node_modules/expo-router/node/render.js ░░░░░░░░░░░░░░░░  0.0% (0/1)
Web node_modules/expo-router/entry.js ░░░░░░░░░░░░░░░░  0.0% (0/1)
λ node_modules/expo-router/node/render.js ░░░░░░░░░░░░░░░░  1.8% ( 2/15)
Web node_modules/expo-router/entry.js ▓▓▓▓▓▓▓▓▓▓▓▓▓▓▓░ 94.2% (2464/2542)
λ node_modules/expo-router/node/render.js ▓▓▓▓▓▓▓▓▓▓▓▓▓▓▓░ 99.9% (2824/2826)
λ Bundled 16972ms node_modules/expo-router/node/render.js (2830 modules)
Web Bundled 17813ms node_modules/expo-router/entry.js (2542 modules)

› web bundles (2):
_expo/static/css/web-dd18961fb77d792693266a6c1d464276.css (1.09 MB)
_expo/static/js/web/entry-5f9e2d3ccc05569b18627b0e8f722dcb.js (3.65 MB)

› Static routes (16):
/new (36.6 kB)
/modal (139 kB)
/ (index) (129 kB)
/explore (66.3 kB)
/profile (41.6 kB)
/_sitemap (18.4 kB)
/activity (41.1 kB)
/+not-found (18.4 kB)
/(tabs)/new (36.6 kB)
/thread/[id] (139 kB)
/(tabs) (129 kB)
/profile/[id] (131 kB)
/profile/edit (138 kB)
/(tabs)/explore (66.3 kB)
/(tabs)/profile (41.6 kB)
/(tabs)/activity (41.1 kB)

Exported: dist
